../Core/Src/main.c:84:15:cor_duty_atual	4	static
../Core/Src/main.c:99:13:ajustar_duty_atual	24	static
../Core/Src/main.c:116:6:HAL_GPIO_EXTI_Callback	24	static
../Core/Src/main.c:146:6:HAL_TIM_PeriodElapsedCallback	16	static
../Core/Src/main.c:161:5:main	8	static
../Core/Src/main.c:218:6:SystemClock_Config	88	static
../Core/Src/main.c:264:13:MX_ADC1_Init	56	static
../Core/Src/main.c:331:13:MX_ADC3_Init	40	static
../Core/Src/main.c:389:13:MX_LPUART1_UART_Init	8	static
../Core/Src/main.c:435:13:MX_TIM2_Init	64	static
../Core/Src/main.c:503:13:MX_TIM4_Init	40	static
../Core/Src/main.c:547:13:MX_GPIO_Init	48	static
../Core/Src/main.c:632:6:Error_Handler	4	static,ignoring_inline_asm
