../Core/Src/main.c:84:6:Update_OLED	32	static
../Core/Src/main.c:108:6:Parse_Bluetooth_Command	24	static
../Core/Src/main.c:143:6:HAL_UART_RxCpltCallback	16	static
../Core/Src/main.c:168:6:HAL_GPIO_EXTI_Callback	16	static
../Core/Src/main.c:190:5:main	8	static
../Core/Src/main.c:259:6:SystemClock_Config	88	static
../Core/Src/main.c:306:13:MX_I2C2_Init	8	static
../Core/Src/main.c:354:13:MX_TIM2_Init	64	static
../Core/Src/main.c:423:13:MX_UART5_Init	8	static
../Core/Src/main.c:471:13:MX_GPIO_Init	48	static
../Core/Src/main.c:542:6:Error_Handler	4	static,ignoring_inline_asm
